WARNING:root:⚠️ Frontend build not found at /Users/m2krproduction/otto/dist-desktop
WARNING:governance:⚠️ No backups directory found.
INFO:     Started server process [75777]
INFO:     Waiting for application startup.
2026-02-18 06:57:10,268 INFO sqlalchemy.engine.Engine BEGIN (implicit)
INFO:sqlalchemy.engine.Engine:BEGIN (implicit)
2026-02-18 06:57:10,269 INFO sqlalchemy.engine.Engine PRAGMA main.table_info("users")
INFO:sqlalchemy.engine.Engine:PRAGMA main.table_info("users")
2026-02-18 06:57:10,269 INFO sqlalchemy.engine.Engine [raw sql] ()
INFO:sqlalchemy.engine.Engine:[raw sql] ()
2026-02-18 06:57:10,269 INFO sqlalchemy.engine.Engine PRAGMA main.table_info("pros")
INFO:sqlalchemy.engine.Engine:PRAGMA main.table_info("pros")
2026-02-18 06:57:10,269 INFO sqlalchemy.engine.Engine [raw sql] ()
INFO:sqlalchemy.engine.Engine:[raw sql] ()
2026-02-18 06:57:10,269 INFO sqlalchemy.engine.Engine PRAGMA main.table_info("labels")
INFO:sqlalchemy.engine.Engine:PRAGMA main.table_info("labels")
2026-02-18 06:57:10,269 INFO sqlalchemy.engine.Engine [raw sql] ()
INFO:sqlalchemy.engine.Engine:[raw sql] ()
2026-02-18 06:57:10,269 INFO sqlalchemy.engine.Engine PRAGMA main.table_info("publishers")
INFO:sqlalchemy.engine.Engine:PRAGMA main.table_info("publishers")
2026-02-18 06:57:10,269 INFO sqlalchemy.engine.Engine [raw sql] ()
INFO:sqlalchemy.engine.Engine:[raw sql] ()
2026-02-18 06:57:10,269 INFO sqlalchemy.engine.Engine PRAGMA main.table_info("artists")
INFO:sqlalchemy.engine.Engine:PRAGMA main.table_info("artists")
2026-02-18 06:57:10,269 INFO sqlalchemy.engine.Engine [raw sql] ()
INFO:sqlalchemy.engine.Engine:[raw sql] ()
2026-02-18 06:57:10,269 INFO sqlalchemy.engine.Engine PRAGMA main.table_info("track_releases")
INFO:sqlalchemy.engine.Engine:PRAGMA main.table_info("track_releases")
2026-02-18 06:57:10,269 INFO sqlalchemy.engine.Engine [raw sql] ()
INFO:sqlalchemy.engine.Engine:[raw sql] ()
2026-02-18 06:57:10,269 INFO sqlalchemy.engine.Engine PRAGMA main.table_info("releases")
INFO:sqlalchemy.engine.Engine:PRAGMA main.table_info("releases")
2026-02-18 06:57:10,269 INFO sqlalchemy.engine.Engine [raw sql] ()
INFO:sqlalchemy.engine.Engine:[raw sql] ()
2026-02-18 06:57:10,269 INFO sqlalchemy.engine.Engine PRAGMA main.table_info("tracks")
INFO:sqlalchemy.engine.Engine:PRAGMA main.table_info("tracks")
2026-02-18 06:57:10,269 INFO sqlalchemy.engine.Engine [raw sql] ()
INFO:sqlalchemy.engine.Engine:[raw sql] ()
2026-02-18 06:57:10,269 INFO sqlalchemy.engine.Engine PRAGMA main.table_info("works")
INFO:sqlalchemy.engine.Engine:PRAGMA main.table_info("works")
2026-02-18 06:57:10,269 INFO sqlalchemy.engine.Engine [raw sql] ()
INFO:sqlalchemy.engine.Engine:[raw sql] ()
2026-02-18 06:57:10,270 INFO sqlalchemy.engine.Engine PRAGMA main.table_info("royalties")
INFO:sqlalchemy.engine.Engine:PRAGMA main.table_info("royalties")
2026-02-18 06:57:10,270 INFO sqlalchemy.engine.Engine [raw sql] ()
INFO:sqlalchemy.engine.Engine:[raw sql] ()
2026-02-18 06:57:10,270 INFO sqlalchemy.engine.Engine PRAGMA main.table_info("documents")
INFO:sqlalchemy.engine.Engine:PRAGMA main.table_info("documents")
2026-02-18 06:57:10,270 INFO sqlalchemy.engine.Engine [raw sql] ()
INFO:sqlalchemy.engine.Engine:[raw sql] ()
2026-02-18 06:57:10,270 INFO sqlalchemy.engine.Engine PRAGMA main.table_info("notes")
INFO:sqlalchemy.engine.Engine:PRAGMA main.table_info("notes")
2026-02-18 06:57:10,270 INFO sqlalchemy.engine.Engine [raw sql] ()
INFO:sqlalchemy.engine.Engine:[raw sql] ()
2026-02-18 06:57:10,270 INFO sqlalchemy.engine.Engine PRAGMA main.table_info("events")
INFO:sqlalchemy.engine.Engine:PRAGMA main.table_info("events")
2026-02-18 06:57:10,270 INFO sqlalchemy.engine.Engine [raw sql] ()
INFO:sqlalchemy.engine.Engine:[raw sql] ()
2026-02-18 06:57:10,270 INFO sqlalchemy.engine.Engine PRAGMA main.table_info("playlists")
INFO:sqlalchemy.engine.Engine:PRAGMA main.table_info("playlists")
2026-02-18 06:57:10,270 INFO sqlalchemy.engine.Engine [raw sql] ()
INFO:sqlalchemy.engine.Engine:[raw sql] ()
2026-02-18 06:57:10,270 INFO sqlalchemy.engine.Engine PRAGMA main.table_info("audit_logs")
INFO:sqlalchemy.engine.Engine:PRAGMA main.table_info("audit_logs")
2026-02-18 06:57:10,270 INFO sqlalchemy.engine.Engine [raw sql] ()
INFO:sqlalchemy.engine.Engine:[raw sql] ()
2026-02-18 06:57:10,270 INFO sqlalchemy.engine.Engine PRAGMA main.table_info("activities")
INFO:sqlalchemy.engine.Engine:PRAGMA main.table_info("activities")
2026-02-18 06:57:10,270 INFO sqlalchemy.engine.Engine [raw sql] ()
INFO:sqlalchemy.engine.Engine:[raw sql] ()
2026-02-18 06:57:10,270 INFO sqlalchemy.engine.Engine PRAGMA main.table_info("individual_organizations")
INFO:sqlalchemy.engine.Engine:PRAGMA main.table_info("individual_organizations")
2026-02-18 06:57:10,270 INFO sqlalchemy.engine.Engine [raw sql] ()
INFO:sqlalchemy.engine.Engine:[raw sql] ()
2026-02-18 06:57:10,270 INFO sqlalchemy.engine.Engine PRAGMA main.table_info("organizations")
INFO:sqlalchemy.engine.Engine:PRAGMA main.table_info("organizations")
2026-02-18 06:57:10,270 INFO sqlalchemy.engine.Engine [raw sql] ()
INFO:sqlalchemy.engine.Engine:[raw sql] ()
2026-02-18 06:57:10,270 INFO sqlalchemy.engine.Engine PRAGMA main.table_info("individuals")
INFO:sqlalchemy.engine.Engine:PRAGMA main.table_info("individuals")
2026-02-18 06:57:10,270 INFO sqlalchemy.engine.Engine [raw sql] ()
INFO:sqlalchemy.engine.Engine:[raw sql] ()
2026-02-18 06:57:10,270 INFO sqlalchemy.engine.Engine PRAGMA main.table_info("platforms")
INFO:sqlalchemy.engine.Engine:PRAGMA main.table_info("platforms")
2026-02-18 06:57:10,270 INFO sqlalchemy.engine.Engine [raw sql] ()
INFO:sqlalchemy.engine.Engine:[raw sql] ()
2026-02-18 06:57:10,270 INFO sqlalchemy.engine.Engine PRAGMA main.table_info("network_relationships")
INFO:sqlalchemy.engine.Engine:PRAGMA main.table_info("network_relationships")
2026-02-18 06:57:10,270 INFO sqlalchemy.engine.Engine [raw sql] ()
INFO:sqlalchemy.engine.Engine:[raw sql] ()
2026-02-18 06:57:10,270 INFO sqlalchemy.engine.Engine PRAGMA main.table_info("tasks")
INFO:sqlalchemy.engine.Engine:PRAGMA main.table_info("tasks")
2026-02-18 06:57:10,270 INFO sqlalchemy.engine.Engine [raw sql] ()
INFO:sqlalchemy.engine.Engine:[raw sql] ()
2026-02-18 06:57:10,270 INFO sqlalchemy.engine.Engine PRAGMA main.table_info("office_notes")
INFO:sqlalchemy.engine.Engine:PRAGMA main.table_info("office_notes")
2026-02-18 06:57:10,270 INFO sqlalchemy.engine.Engine [raw sql] ()
INFO:sqlalchemy.engine.Engine:[raw sql] ()
2026-02-18 06:57:10,270 INFO sqlalchemy.engine.Engine PRAGMA main.table_info("office_note_links")
INFO:sqlalchemy.engine.Engine:PRAGMA main.table_info("office_note_links")
2026-02-18 06:57:10,270 INFO sqlalchemy.engine.Engine [raw sql] ()
INFO:sqlalchemy.engine.Engine:[raw sql] ()
2026-02-18 06:57:10,271 INFO sqlalchemy.engine.Engine PRAGMA main.table_info("office_documents")
INFO:sqlalchemy.engine.Engine:PRAGMA main.table_info("office_documents")
2026-02-18 06:57:10,271 INFO sqlalchemy.engine.Engine [raw sql] ()
INFO:sqlalchemy.engine.Engine:[raw sql] ()
2026-02-18 06:57:10,271 INFO sqlalchemy.engine.Engine PRAGMA main.table_info("office_document_links")
INFO:sqlalchemy.engine.Engine:PRAGMA main.table_info("office_document_links")
2026-02-18 06:57:10,271 INFO sqlalchemy.engine.Engine [raw sql] ()
INFO:sqlalchemy.engine.Engine:[raw sql] ()
2026-02-18 06:57:10,271 INFO sqlalchemy.engine.Engine PRAGMA main.table_info("report_definitions")
INFO:sqlalchemy.engine.Engine:PRAGMA main.table_info("report_definitions")
2026-02-18 06:57:10,271 INFO sqlalchemy.engine.Engine [raw sql] ()
INFO:sqlalchemy.engine.Engine:[raw sql] ()
2026-02-18 06:57:10,271 INFO sqlalchemy.engine.Engine PRAGMA main.table_info("report_runs")
INFO:sqlalchemy.engine.Engine:PRAGMA main.table_info("report_runs")
2026-02-18 06:57:10,271 INFO sqlalchemy.engine.Engine [raw sql] ()
INFO:sqlalchemy.engine.Engine:[raw sql] ()
2026-02-18 06:57:10,271 INFO sqlalchemy.engine.Engine PRAGMA main.table_info("report_artifacts")
INFO:sqlalchemy.engine.Engine:PRAGMA main.table_info("report_artifacts")
2026-02-18 06:57:10,271 INFO sqlalchemy.engine.Engine [raw sql] ()
INFO:sqlalchemy.engine.Engine:[raw sql] ()
2026-02-18 06:57:10,271 INFO sqlalchemy.engine.Engine PRAGMA main.table_info("status_quo_items")
INFO:sqlalchemy.engine.Engine:PRAGMA main.table_info("status_quo_items")
2026-02-18 06:57:10,271 INFO sqlalchemy.engine.Engine [raw sql] ()
INFO:sqlalchemy.engine.Engine:[raw sql] ()
2026-02-18 06:57:10,271 INFO sqlalchemy.engine.Engine PRAGMA main.table_info("ai_sessions")
INFO:sqlalchemy.engine.Engine:PRAGMA main.table_info("ai_sessions")
2026-02-18 06:57:10,271 INFO sqlalchemy.engine.Engine [raw sql] ()
INFO:sqlalchemy.engine.Engine:[raw sql] ()
2026-02-18 06:57:10,271 INFO sqlalchemy.engine.Engine PRAGMA main.table_info("ai_messages")
INFO:sqlalchemy.engine.Engine:PRAGMA main.table_info("ai_messages")
2026-02-18 06:57:10,271 INFO sqlalchemy.engine.Engine [raw sql] ()
INFO:sqlalchemy.engine.Engine:[raw sql] ()
2026-02-18 06:57:10,271 INFO sqlalchemy.engine.Engine PRAGMA main.table_info("ai_audit_log")
INFO:sqlalchemy.engine.Engine:PRAGMA main.table_info("ai_audit_log")
2026-02-18 06:57:10,271 INFO sqlalchemy.engine.Engine [raw sql] ()
INFO:sqlalchemy.engine.Engine:[raw sql] ()
2026-02-18 06:57:10,271 INFO sqlalchemy.engine.Engine PRAGMA main.table_info("ai_contract_resolution_runs")
INFO:sqlalchemy.engine.Engine:PRAGMA main.table_info("ai_contract_resolution_runs")
2026-02-18 06:57:10,271 INFO sqlalchemy.engine.Engine [raw sql] ()
INFO:sqlalchemy.engine.Engine:[raw sql] ()
2026-02-18 06:57:10,271 INFO sqlalchemy.engine.Engine PRAGMA main.table_info("ai_contract_resolution_links")
INFO:sqlalchemy.engine.Engine:PRAGMA main.table_info("ai_contract_resolution_links")
2026-02-18 06:57:10,271 INFO sqlalchemy.engine.Engine [raw sql] ()
INFO:sqlalchemy.engine.Engine:[raw sql] ()
2026-02-18 06:57:10,271 INFO sqlalchemy.engine.Engine PRAGMA main.table_info("contract_intake_release_links")
INFO:sqlalchemy.engine.Engine:PRAGMA main.table_info("contract_intake_release_links")
2026-02-18 06:57:10,271 INFO sqlalchemy.engine.Engine [raw sql] ()
INFO:sqlalchemy.engine.Engine:[raw sql] ()
2026-02-18 06:57:10,271 INFO sqlalchemy.engine.Engine PRAGMA main.table_info("ai_release_integration_runs")
INFO:sqlalchemy.engine.Engine:PRAGMA main.table_info("ai_release_integration_runs")
2026-02-18 06:57:10,271 INFO sqlalchemy.engine.Engine [raw sql] ()
INFO:sqlalchemy.engine.Engine:[raw sql] ()
2026-02-18 06:57:10,271 INFO sqlalchemy.engine.Engine PRAGMA main.table_info("ai_release_integration_links")
INFO:sqlalchemy.engine.Engine:PRAGMA main.table_info("ai_release_integration_links")
2026-02-18 06:57:10,271 INFO sqlalchemy.engine.Engine [raw sql] ()
INFO:sqlalchemy.engine.Engine:[raw sql] ()
2026-02-18 06:57:10,271 INFO sqlalchemy.engine.Engine PRAGMA main.table_info("ai_contract_documents")
INFO:sqlalchemy.engine.Engine:PRAGMA main.table_info("ai_contract_documents")
2026-02-18 06:57:10,271 INFO sqlalchemy.engine.Engine [raw sql] ()
INFO:sqlalchemy.engine.Engine:[raw sql] ()
2026-02-18 06:57:10,271 INFO sqlalchemy.engine.Engine PRAGMA main.table_info("ai_contract_work_links")
INFO:sqlalchemy.engine.Engine:PRAGMA main.table_info("ai_contract_work_links")
2026-02-18 06:57:10,271 INFO sqlalchemy.engine.Engine [raw sql] ()
INFO:sqlalchemy.engine.Engine:[raw sql] ()
2026-02-18 06:57:10,271 INFO sqlalchemy.engine.Engine PRAGMA main.table_info("ai_royalty_simulation_runs")
INFO:sqlalchemy.engine.Engine:PRAGMA main.table_info("ai_royalty_simulation_runs")
2026-02-18 06:57:10,271 INFO sqlalchemy.engine.Engine [raw sql] ()
INFO:sqlalchemy.engine.Engine:[raw sql] ()
2026-02-18 06:57:10,272 INFO sqlalchemy.engine.Engine PRAGMA main.table_info("admin_backup_artifacts")
INFO:sqlalchemy.engine.Engine:PRAGMA main.table_info("admin_backup_artifacts")
2026-02-18 06:57:10,272 INFO sqlalchemy.engine.Engine [raw sql] ()
INFO:sqlalchemy.engine.Engine:[raw sql] ()
2026-02-18 06:57:10,272 INFO sqlalchemy.engine.Engine PRAGMA main.table_info("admin_restore_audit")
INFO:sqlalchemy.engine.Engine:PRAGMA main.table_info("admin_restore_audit")
2026-02-18 06:57:10,272 INFO sqlalchemy.engine.Engine [raw sql] ()
INFO:sqlalchemy.engine.Engine:[raw sql] ()
2026-02-18 06:57:10,272 INFO sqlalchemy.engine.Engine PRAGMA main.table_info("admin_backup_restore_events")
INFO:sqlalchemy.engine.Engine:PRAGMA main.table_info("admin_backup_restore_events")
2026-02-18 06:57:10,272 INFO sqlalchemy.engine.Engine [raw sql] ()
INFO:sqlalchemy.engine.Engine:[raw sql] ()
2026-02-18 06:57:10,272 INFO sqlalchemy.engine.Engine PRAGMA main.table_info("ai_core_write_proposal_runs")
INFO:sqlalchemy.engine.Engine:PRAGMA main.table_info("ai_core_write_proposal_runs")
2026-02-18 06:57:10,272 INFO sqlalchemy.engine.Engine [raw sql] ()
INFO:sqlalchemy.engine.Engine:[raw sql] ()
2026-02-18 06:57:10,272 INFO sqlalchemy.engine.Engine PRAGMA main.table_info("ai_core_write_proposal_items")
INFO:sqlalchemy.engine.Engine:PRAGMA main.table_info("ai_core_write_proposal_items")
2026-02-18 06:57:10,272 INFO sqlalchemy.engine.Engine [raw sql] ()
INFO:sqlalchemy.engine.Engine:[raw sql] ()
2026-02-18 06:57:10,272 INFO sqlalchemy.engine.Engine PRAGMA main.table_info("ai_core_write_apply_events")
INFO:sqlalchemy.engine.Engine:PRAGMA main.table_info("ai_core_write_apply_events")
2026-02-18 06:57:10,272 INFO sqlalchemy.engine.Engine [raw sql] ()
INFO:sqlalchemy.engine.Engine:[raw sql] ()
2026-02-18 06:57:10,272 INFO sqlalchemy.engine.Engine PRAGMA main.table_info("ai_contract_drafts")
INFO:sqlalchemy.engine.Engine:PRAGMA main.table_info("ai_contract_drafts")
2026-02-18 06:57:10,272 INFO sqlalchemy.engine.Engine [raw sql] ()
INFO:sqlalchemy.engine.Engine:[raw sql] ()
2026-02-18 06:57:10,272 INFO sqlalchemy.engine.Engine PRAGMA main.table_info("ai_contract_attach_runs")
INFO:sqlalchemy.engine.Engine:PRAGMA main.table_info("ai_contract_attach_runs")
2026-02-18 06:57:10,272 INFO sqlalchemy.engine.Engine [raw sql] ()
INFO:sqlalchemy.engine.Engine:[raw sql] ()
2026-02-18 06:57:10,272 INFO sqlalchemy.engine.Engine PRAGMA main.table_info("ai_contract_attach_links")
INFO:sqlalchemy.engine.Engine:PRAGMA main.table_info("ai_contract_attach_links")
2026-02-18 06:57:10,272 INFO sqlalchemy.engine.Engine [raw sql] ()
INFO:sqlalchemy.engine.Engine:[raw sql] ()
2026-02-18 06:57:10,272 INFO sqlalchemy.engine.Engine PRAGMA main.table_info("contracts")
INFO:sqlalchemy.engine.Engine:PRAGMA main.table_info("contracts")
2026-02-18 06:57:10,272 INFO sqlalchemy.engine.Engine [raw sql] ()
INFO:sqlalchemy.engine.Engine:[raw sql] ()
2026-02-18 06:57:10,272 INFO sqlalchemy.engine.Engine PRAGMA main.table_info("contract_parties")
INFO:sqlalchemy.engine.Engine:PRAGMA main.table_info("contract_parties")
2026-02-18 06:57:10,272 INFO sqlalchemy.engine.Engine [raw sql] ()
INFO:sqlalchemy.engine.Engine:[raw sql] ()
2026-02-18 06:57:10,272 INFO sqlalchemy.engine.Engine PRAGMA main.table_info("contract_assets")
INFO:sqlalchemy.engine.Engine:PRAGMA main.table_info("contract_assets")
2026-02-18 06:57:10,272 INFO sqlalchemy.engine.Engine [raw sql] ()
INFO:sqlalchemy.engine.Engine:[raw sql] ()
2026-02-18 06:57:10,272 INFO sqlalchemy.engine.Engine PRAGMA main.table_info("contract_documents")
INFO:sqlalchemy.engine.Engine:PRAGMA main.table_info("contract_documents")
2026-02-18 06:57:10,272 INFO sqlalchemy.engine.Engine [raw sql] ()
INFO:sqlalchemy.engine.Engine:[raw sql] ()
2026-02-18 06:57:10,272 INFO sqlalchemy.engine.Engine PRAGMA main.table_info("contract_split_groups")
INFO:sqlalchemy.engine.Engine:PRAGMA main.table_info("contract_split_groups")
2026-02-18 06:57:10,272 INFO sqlalchemy.engine.Engine [raw sql] ()
INFO:sqlalchemy.engine.Engine:[raw sql] ()
2026-02-18 06:57:10,272 INFO sqlalchemy.engine.Engine PRAGMA main.table_info("contract_splits")
INFO:sqlalchemy.engine.Engine:PRAGMA main.table_info("contract_splits")
2026-02-18 06:57:10,272 INFO sqlalchemy.engine.Engine [raw sql] ()
INFO:sqlalchemy.engine.Engine:[raw sql] ()
2026-02-18 06:57:10,272 INFO sqlalchemy.engine.Engine PRAGMA main.table_info("works_admin")
INFO:sqlalchemy.engine.Engine:PRAGMA main.table_info("works_admin")
2026-02-18 06:57:10,272 INFO sqlalchemy.engine.Engine [raw sql] ()
INFO:sqlalchemy.engine.Engine:[raw sql] ()
2026-02-18 06:57:10,273 INFO sqlalchemy.engine.Engine PRAGMA main.table_info("works_admin_documents")
INFO:sqlalchemy.engine.Engine:PRAGMA main.table_info("works_admin_documents")
2026-02-18 06:57:10,273 INFO sqlalchemy.engine.Engine [raw sql] ()
INFO:sqlalchemy.engine.Engine:[raw sql] ()
2026-02-18 06:57:10,273 INFO sqlalchemy.engine.Engine COMMIT
INFO:sqlalchemy.engine.Engine:COMMIT
INFO  [alembic.runtime.migration] Context impl SQLiteImpl.
INFO  [alembic.runtime.migration] Will assume non-transactional DDL.
INFO  [alembic.runtime.migration] Running upgrade 6617bcd72266 -> 7c9f40c7bb4d, Sync Models
ERROR [root] ❌ Governance: Migration failed: (sqlite3.OperationalError) index ix_artists_artist_id already exists
[SQL: CREATE UNIQUE INDEX ix_artists_artist_id ON artists (artist_id)]
(Background on this error at: https://sqlalche.me/e/20/e3q8)
INFO  [sqlalchemy.engine.Engine] BEGIN (implicit)
INFO  [sqlalchemy.engine.Engine] SELECT users.id AS users_id, users.email AS users_email, users.hashed_password AS users_hashed_password, users.full_name AS users_full_name, users.avatar_url AS users_avatar_url, users.is_active AS users_is_active, users.is_superuser AS users_is_superuser, users.role AS users_role, users.organization_id AS users_organization_id, users.created_at AS users_created_at, users.updated_at AS users_updated_at, users.last_login AS users_last_login 
FROM users 
WHERE users.email = ?
 LIMIT ? OFFSET ?
INFO  [sqlalchemy.engine.Engine] [generated in 0.00009s] ('admin@otto.com', 1, 0)
INFO  [sqlalchemy.engine.Engine] COMMIT
INFO  [sqlalchemy.engine.Engine] BEGIN (implicit)
INFO  [sqlalchemy.engine.Engine] SELECT users.id AS users_id, users.email AS users_email, users.hashed_password AS users_hashed_password, users.full_name AS users_full_name, users.avatar_url AS users_avatar_url, users.is_active AS users_is_active, users.is_superuser AS users_is_superuser, users.role AS users_role, users.organization_id AS users_organization_id, users.created_at AS users_created_at, users.updated_at AS users_updated_at, users.last_login AS users_last_login 
FROM users 
WHERE users.email = ?
 LIMIT ? OFFSET ?
INFO  [sqlalchemy.engine.Engine] [cached since 0.9869s ago] ('admin@otto.com', 1, 0)
INFO  [sqlalchemy.engine.Engine] INSERT INTO ai_audit_log (organization_id, user_id, action, tool, request_hash, parser_version) VALUES (?, ?, ?, ?, ?, ?) RETURNING id, created_at
INFO  [sqlalchemy.engine.Engine] [generated in 0.00012s] ('00000000000000000000000000000001', 1, 'contract_extraction', 'contract_extractor:deterministic', 'e0cdc4156c509fa1c2dbead208131377dee67dd2959bab9f19b59135167dc6a1', 'deterministic_v1')
INFO  [sqlalchemy.engine.Engine] COMMIT
INFO  [sqlalchemy.engine.Engine] BEGIN (implicit)
INFO  [sqlalchemy.engine.Engine] SELECT ai_audit_log.id, ai_audit_log.organization_id, ai_audit_log.user_id, ai_audit_log.action, ai_audit_log.tool, ai_audit_log.request_hash, ai_audit_log.parser_version, ai_audit_log.created_at 
FROM ai_audit_log 
WHERE ai_audit_log.id = ?
INFO  [sqlalchemy.engine.Engine] [generated in 0.00005s] (3,)
INFO  [sqlalchemy.engine.Engine] ROLLBACK
INFO  [sqlalchemy.engine.Engine] BEGIN (implicit)
INFO  [sqlalchemy.engine.Engine] SELECT users.id AS users_id, users.email AS users_email, users.hashed_password AS users_hashed_password, users.full_name AS users_full_name, users.avatar_url AS users_avatar_url, users.is_active AS users_is_active, users.is_superuser AS users_is_superuser, users.role AS users_role, users.organization_id AS users_organization_id, users.created_at AS users_created_at, users.updated_at AS users_updated_at, users.last_login AS users_last_login 
FROM users 
WHERE users.email = ?
 LIMIT ? OFFSET ?
INFO  [sqlalchemy.engine.Engine] [cached since 1.094s ago] ('admin@otto.com', 1, 0)
INFO  [sqlalchemy.engine.Engine] INSERT INTO ai_audit_log (organization_id, user_id, action, tool, request_hash, parser_version) VALUES (?, ?, ?, ?, ?, ?) RETURNING id, created_at
INFO  [sqlalchemy.engine.Engine] [cached since 0.1279s ago] ('00000000000000000000000000000001', 1, 'contract_extraction', 'contract_extractor:deterministic', 'e0cdc4156c509fa1c2dbead208131377dee67dd2959bab9f19b59135167dc6a1', 'deterministic_v1')
INFO  [sqlalchemy.engine.Engine] COMMIT
INFO  [sqlalchemy.engine.Engine] BEGIN (implicit)
INFO  [sqlalchemy.engine.Engine] SELECT ai_audit_log.id, ai_audit_log.organization_id, ai_audit_log.user_id, ai_audit_log.action, ai_audit_log.tool, ai_audit_log.request_hash, ai_audit_log.parser_version, ai_audit_log.created_at 
FROM ai_audit_log 
WHERE ai_audit_log.id = ?
INFO  [sqlalchemy.engine.Engine] [cached since 0.127s ago] (4,)
INFO  [sqlalchemy.engine.Engine] ROLLBACK
